// Jest Snapshot v1, https://goo.gl/fbAQLP

exports[`About View Displays information. 1`] = `
<div>
  <p>
    mychron is the tiny time management tool that works for you!
  </p>
</div>
`;
